// Jest Snapshot v1, https://goo.gl/fbAQLP

exports[`matches snapshot 1`] = `
<section
  className="form-section"
  data-testid="form"
>
  <h1>
    Welcome to the digital book library!
  </h1>
  <div
    className="form-container"
  >
    <form
      onSubmit={[Function]}
    >
      <label
        className="sr-only"
        htmlFor="Enter book title"
      >
        search for a book
      </label>
      <input
        id="Enter book title"
        name="Enter book title"
        onChange={[Function]}
        placeholder="search for a book"
        required={true}
        type="text"
        value=""
      />
      <button
        type="submit"
      >
        Search
      </button>
    </form>
    <div
      className="sort-buttons"
    >
      <button
        onClick={[Function]}
      >
        sort by year
      </button>
      <button
        onClick={[Function]}
      >
        sort alphabetically
      </button>
    </div>
  </div>
</section>
`;
